Namespace namespace 1 1
Identifier Demo 1 11
LeftBrace { 1 16
Grammar grammar 2 5
Identifier Words 2 13
LeftBrace { 2 19
Identifier word 3 9
Colon : 3 13
String a 3 15
BitwiseOr | 3 19
String b 3 21
Semicolon ; 3 24
Identifier words 4 9
Colon : 4 14
Identifier word 4 16
Star * 4 20
Less < 4 22
Identifier EOF 4 23
Greater > 4 26
Semicolon ; 4 27
RightBrace } 5 5
Ui ui 7 5
Identifier DemoWindow 7 8
Colon : 7 18
Identifier Window 7 20
LeftBrace { 7 27
Identifier title 8 9
Colon : 8 14
String Demo 8 16
Identifier width 9 9
Colon : 9 14
Integer 50 9 16
Percent % 9 18
Identifier onClick 10 9
Colon : 10 16
LeftBrace { 10 18
Return return 11 13
RightBrace } 12 9
RightBrace } 13 5
RightBrace } 14 1
EOF  15 1
