Import import 1 1
LeftBrace { 1 8
Identifier Foo 1 10
Comma , 1 13
Identifier Bar 1 15
As as 1 19
Identifier Baz 1 22
RightBrace } 1 26
From from 1 28
Identifier demo 1 33
Dot . 1 37
Identifier lib 1 38
Public public 3 1
Namespace namespace 3 8
Identifier Demo 3 18
LeftBrace { 3 23
Using using 4 5
Namespace namespace 4 11
Identifier std 4 21
Dot . 4 24
Identifier text 4 25
Alias alias 5 5
Identifier CountPtr 5 11
Assign = 5 20
Identifier int 5 22
Star * 5 25
Alias alias 6 5
Identifier PairInit 6 11
Assign = 6 20
LeftBracket [ 6 22
Integer 1 6 23
Comma , 6 24
Integer 2 6 26
Comma , 6 27
Integer 3 6 29
RightBracket ] 6 30
At @ 8 5
Identifier section 8 6
LeftParen ( 8 13
String .demo 8 14
RightParen ) 8 21
At @ 8 23
Identifier used 8 24
Let let 9 5
Identifier MARKER 9 9
Colon : 9 15
Identifier int 9 17
Assign = 9 21
Integer 1 9 23
At @ 11 5
Identifier align 11 6
LeftParen ( 11 11
Integer 0x20 11 12
RightParen ) 11 16
Volatile volatile 12 5
Let let 12 14
Identifier MMIO 12 18
Colon : 12 22
Identifier int 12 24
Assign = 12 28
Integer 0 12 30
Const const 14 5
Identifier COUNT 14 11
Assign = 14 17
Integer 3 14 19
Macro macro 16 5
Identifier bump 16 11
LeftParen ( 16 15
Identifier target 16 16
RightParen ) 16 22
LeftBrace { 16 24
Quote quote 17 9
LeftBrace { 17 15
Unquote unquote 18 13
LeftParen ( 18 20
Identifier target 18 21
RightParen ) 18 27
Assign = 18 29
Unquote unquote 18 31
LeftParen ( 18 38
Identifier target 18 39
RightParen ) 18 45
Plus + 18 47
Integer 1 18 49
RightBrace } 19 9
RightBrace } 20 5
At @ 22 5
Identifier reflect 22 6
Class class 23 5
Identifier Box 23 11
LeftBrace { 23 15
Private private 24 9
Let let 24 17
Identifier hidden 24 21
Colon : 24 27
Identifier int 24 29
Assign = 24 33
Integer 0 24 35
Identifier value 25 9
Colon : 25 14
Identifier int 25 16
Constructor constructor 27 9
LeftParen ( 27 20
At @ 27 21
Identifier value 27 22
Colon : 27 27
Identifier int 27 29
RightParen ) 27 32
LeftBrace { 27 34
RightBrace } 27 35
Destructor destructor 28 9
LeftParen ( 28 19
RightParen ) 28 20
LeftBrace { 28 22
RightBrace } 28 23
Static static 30 9
Function func 30 16
Identifier make 30 21
LeftParen ( 30 25
Identifier value 30 26
Colon : 30 31
Identifier int 30 33
RightParen ) 30 36
Arrow -> 30 38
Identifier Box 30 41
LeftBrace { 30 45
Return return 31 13
New new 31 20
Identifier Box 31 24
LeftParen ( 31 27
Identifier value 31 28
RightParen ) 31 33
RightBrace } 32 9
Identifier property 34 9
Identifier doubled 34 18
LeftParen ( 34 25
RightParen ) 34 26
Arrow -> 34 28
Identifier int 34 31
LeftBrace { 34 35
Return return 35 13
Identifier self 35 20
Dot . 35 24
Identifier value 35 25
Star * 35 31
Integer 2 35 33
RightBrace } 36 9
Function func 38 9
Operator operator 38 14
Plus + 38 22
LeftParen ( 38 23
Identifier other 38 24
Colon : 38 29
Identifier Box 38 31
RightParen ) 38 34
Arrow -> 38 36
Identifier Box 38 39
LeftBrace { 38 43
Return return 39 13
Identifier self 39 20
RightBrace } 40 9
Function func 42 9
Identifier set 42 14
LeftParen ( 42 17
Identifier value 42 18
Colon : 42 23
Identifier int 42 25
RightParen ) 42 28
LeftBrace { 42 30
Identifier self 43 13
Dot . 43 17
Identifier value 43 18
Assign = 43 24
Identifier value 43 26
RightBrace } 44 9
RightBrace } 45 5
Packed packed 47 5
Struct struct 47 12
Identifier Pair 47 19
Less < 47 23
Identifier T 47 24
Greater > 47 25
LeftBrace { 47 27
Identifier left 48 9
Colon : 48 13
Identifier T 48 15
Identifier right 49 9
Colon : 49 14
Identifier T 49 16
RightBrace } 50 5
Enum enum 52 5
Identifier Mode 52 10
LeftBrace { 52 15
Identifier Off 53 9
Identifier On 54 9
Assign = 54 12
Identifier COUNT 54 14
RightBrace } 55 5
Enum enum 57 5
Identifier Shape 57 10
LeftBrace { 57 16
Identifier Point 58 9
Identifier Circle 59 9
LeftParen ( 59 15
Identifier radius 59 16
Colon : 59 22
Identifier int 59 24
RightParen ) 59 27
RightBrace } 60 5
Trait trait 62 5
Identifier Printable 62 11
LeftBrace { 62 21
Function func 63 9
Identifier print 63 14
LeftParen ( 63 19
RightParen ) 63 20
Function func 64 9
Identifier label 64 14
LeftParen ( 64 19
RightParen ) 64 20
Arrow -> 64 22
Identifier string 64 25
RightBrace } 65 5
Impl impl 67 5
Identifier Printable 67 10
For for 67 20
Identifier Box 67 24
LeftBrace { 67 28
Function func 68 9
Identifier print 68 14
LeftParen ( 68 19
RightParen ) 68 20
LeftBrace { 68 22
Return return 69 13
RightBrace } 70 9
Function func 72 9
Identifier label 72 14
LeftParen ( 72 19
RightParen ) 72 20
Arrow -> 72 22
Identifier string 72 25
LeftBrace { 72 32
Return return 73 13
String box 73 20
RightBrace } 74 9
RightBrace } 75 5
Function func 77 5
Identifier main 77 10
LeftParen ( 77 14
RightParen ) 77 15
Arrow -> 77 17
Identifier i64 77 20
LeftBrace { 77 24
Let let 78 9
Identifier s 78 13
Colon : 78 14
Identifier string 78 16
Assign = 78 23
String hi 78 25
Let let 79 9
Identifier i 79 13
Colon : 79 14
Identifier int 79 16
Assign = 79 20
Integer 0 79 22
While while 80 9
Identifier i 80 15
Less < 80 17
Identifier COUNT 80 19
LeftBrace { 80 25
If if 81 13
Identifier i 81 16
Equal == 81 18
Integer 2 81 21
LeftBrace { 81 23
Break break 82 17
RightBrace } 83 13
Continue continue 84 13
RightBrace } 85 9
For for 86 9
Identifier j 86 13
In in 86 15
Integer 0 86 18
DotDot .. 86 19
Identifier COUNT 86 21
LeftBrace { 86 27
Defer defer 87 13
Identifier puts 87 19
LeftParen ( 87 23
String loop 87 24
RightParen ) 87 30
RightBrace } 88 9
Foreach foreach 89 9
Identifier ch 89 17
In in 89 20
Identifier s 89 23
LeftBrace { 89 25
Volatile volatile 90 13
Let let 90 22
Identifier code 90 26
Colon : 90 30
Identifier int 90 32
Assign = 90 36
Identifier ch 90 38
As as 90 41
Identifier int 90 44
RightBrace } 91 9
Match match 92 9
Identifier COUNT 92 15
LeftBrace { 92 21
Case case 93 13
Integer 0 93 18
FatArrow => 93 20
LeftBrace { 93 23
Return return 94 17
Integer 2 94 24
RightBrace } 95 13
Case case 96 13
Char ( 96 18
FatArrow => 96 22
LeftBrace { 96 25
Return return 97 17
Integer 3 97 24
RightBrace } 98 13
Default default 99 13
FatArrow => 99 21
LeftBrace { 99 24
Assert assert 100 17
LeftParen ( 100 23
Identifier COUNT 100 24
Greater > 100 30
Integer 0 100 32
Comma , 100 33
String count 100 35
RightParen ) 100 42
RightBrace } 101 13
RightBrace } 102 9
Try try 103 9
LeftBrace { 103 13
Throw throw 104 13
Integer 5 104 19
RightBrace } 105 9
Catch catch 105 11
LeftParen ( 105 17
Identifier e 105 18
Colon : 105 19
Identifier int 105 21
RightParen ) 105 24
LeftBrace { 105 26
Delete delete 106 13
New new 106 20
Identifier Box 106 24
LeftParen ( 106 27
Integer 1 106 28
RightParen ) 106 29
RightBrace } 107 9
Finally finally 107 11
LeftBrace { 107 19
Identifier puts 108 13
LeftParen ( 108 17
String done 108 18
RightParen ) 108 24
RightBrace } 109 9
If if 110 9
Identifier COUNT 110 12
GreaterEqual >= 110 18
Integer 3 110 21
And && 110 23
Identifier s 110 26
NotEqual != 110 28
String  110 31
LeftBrace { 110 34
Return return 111 13
Integer 0 111 20
RightBrace } 112 9
Return return 113 9
Integer 1 113 16
RightBrace } 114 5
UnitTest unittest 116 5
LeftBrace { 116 14
Let let 117 9
Identifier n 117 13
Colon : 117 14
Identifier int 117 16
Assign = 117 20
Identifier COUNT 117 22
Identifier bump 118 9
Not ! 118 13
LeftParen ( 118 14
Identifier n 118 15
RightParen ) 118 16
RightBrace } 119 5
RightBrace } 120 1
EOF  121 1
